app/api/courses/enroll/route.ts(19,17): error TS2353: Object literal may only specify known properties, and 'enrollmentKey' does not exist in type 'ClassSelect<DefaultArgs>'.
app/api/courses/enroll/route.ts(27,19): error TS2339: Property 'enrollmentKey' does not exist on type '{ name: string; id: string; createdAt: Date; updatedAt: Date; academicYearId: string; classTeacherId: string | null; capacity: number; }'.
app/api/courses/enroll/route.ts(27,46): error TS2339: Property 'enrollmentKey' does not exist on type '{ name: string; id: string; createdAt: Date; updatedAt: Date; academicYearId: string; classTeacherId: string | null; capacity: number; }'.
app/courses/[id]/page.tsx(4,26): error TS2307: Cannot find module '@/courses/EnrollButton' or its corresponding type declarations.
app/courses/[id]/page.tsx(33,33): error TS2339: Property 'enrollmentKey' does not exist on type '{ academicYear: { name: string; }; classTeacher: { name: string; } | null; subjects: ({ subject: { name: string; code: string; }; } & { subjectId: string; classId: string; })[]; students: { userId: string; }[]; } & { ...; }'.
app/courses/page.tsx(30,22): error TS2339: Property 'enrollmentKey' does not exist on type '{ classTeacher: { name: string; } | null; subjects: { subject: { name: string; }; }[]; students: { classId: string; userId: string; progress: number; }[]; } & { name: string; id: string; createdAt: Date; updatedAt: Date; academicYearId: string; classTeacherId: string | null; capacity: number; }'.
